**********************
Windows PowerShell transcript start
Start time: 20240611192104
Username: LAPTOP-KI0CU6PN\thelo
RunAs User: LAPTOP-KI0CU6PN\thelo
Configuration Name: 
Machine: LAPTOP-KI0CU6PN (Microsoft Windows NT 10.0.22631.0)
Host Application: C:\Windows\System32\WindowsPowerShell\v1.0\powershell.exe
Process ID: 13488
PSVersion: 5.1.22621.2506
PSEdition: Desktop
PSCompatibleVersions: 1.0, 2.0, 3.0, 4.0, 5.0, 5.1.22621.2506
BuildVersion: 10.0.22621.2506
CLRVersion: 4.0.30319.42000
WSManStackVersion: 3.0
PSRemotingProtocolVersion: 2.3
SerializationVersion: 1.1.0.1
**********************
Transcript started, output file is C:\dev\diamond_jack\logs\shell_logs_20240611_192104.txt

Id     Name            PSJobTypeName   State         HasMoreData     Location             Command
--     ----            -------------   -----         -----------     --------             -------
1      PowerShell.E...                 NotStarted    False                                ...
Shell session setup complete for session 20240611_192104


PS C:\dev> git diff --stat origin/main
warning: Not a git repository. Use --no-index to compare two paths outside a working tree
usage: git diff --no-index [<options>] <path> <path>

Diff output format options
    -p, --patch           generate patch
    -s, --no-patch        suppress diff output
    -u                    generate patch
    -U, --unified[=<n>]   generate diffs with <n> lines context
    -W, --[no-]function-context
                          generate diffs with <n> lines context
    --raw                 generate the diff in raw format
    --patch-with-raw      synonym for '-p --raw'
    --patch-with-stat     synonym for '-p --stat'
    --numstat             machine friendly --stat
    --shortstat           output only the last line of --stat
    -X, --dirstat[=<param1>,<param2>...]
                          output the distribution of relative amount of changes for each sub-directory
    --cumulative          synonym for --dirstat=cumulative
    --dirstat-by-file[=<param1>,<param2>...]
                          synonym for --dirstat=files,<param1>,<param2>...
    --check               warn if changes introduce conflict markers or whitespace errors
    --summary             condensed summary such as creations, renames and mode changes
    --name-only           show only names of changed files
    --name-status         show only names and status of changed files
    --stat[=<width>[,<name-width>[,<count>]]]
                          generate diffstat
    --stat-width <width>  generate diffstat with a given width
    --stat-name-width <width>
                          generate diffstat with a given name width
    --stat-graph-width <width>
                          generate diffstat with a given graph width
    --stat-count <count>  generate diffstat with limited lines
    --[no-]compact-summary
                          generate compact summary in diffstat
    --binary              output a binary diff that can be applied
    --[no-]full-index     show full pre- and post-image object names on the "index" lines
    --[no-]color[=<when>] show colored diff
    --ws-error-highlight <kind>
                          highlight whitespace errors in the 'context', 'old' or 'new' lines in the diff
    -z                    do not munge pathnames and use NULs as output field terminators in --raw or --numstat
    --[no-]abbrev[=<n>]   use <n> digits to display object names
    --src-prefix <prefix> show the given source prefix instead of "a/"
    --dst-prefix <prefix> show the given destination prefix instead of "b/"
    --line-prefix <prefix>
                          prepend an additional prefix to every line of output
    --no-prefix           do not show any source or destination prefix
    --default-prefix      use default prefixes a/ and b/
    --inter-hunk-context <n>
                          show context between diff hunks up to the specified number of lines
    --output-indicator-new <char>
                          specify the character to indicate a new line instead of '+'
    --output-indicator-old <char>
                          specify the character to indicate an old line instead of '-'
    --output-indicator-context <char>
                          specify the character to indicate a context instead of ' '

Diff rename options
    -B, --break-rewrites[=<n>[/<m>]]
                          break complete rewrite changes into pairs of delete and create
    -M, --find-renames[=<n>]
                          detect renames
    -D, --irreversible-delete
                          omit the preimage for deletes
    -C, --find-copies[=<n>]
                          detect copies
    --[no-]find-copies-harder
                          use unmodified files as source to find copies
    --no-renames          disable rename detection
    --[no-]rename-empty   use empty blobs as rename source
    --[no-]follow         continue listing the history of a file beyond renames
    -l <n>                prevent rename/copy detection if the number of rename/copy targets exceeds given limit

Diff algorithm options
    --minimal             produce the smallest possible diff
    -w, --ignore-all-space
                          ignore whitespace when comparing lines
    -b, --ignore-space-change
                          ignore changes in amount of whitespace
    --ignore-space-at-eol ignore changes in whitespace at EOL
    --ignore-cr-at-eol    ignore carrier-return at the end of line
    --ignore-blank-lines  ignore changes whose lines are all blank
    -I, --[no-]ignore-matching-lines <regex>
                          ignore changes whose all lines match <regex>
    --[no-]indent-heuristic
                          heuristic to shift diff hunk boundaries for easy reading
    --patience            generate diff using the "patience diff" algorithm
    --histogram           generate diff using the "histogram diff" algorithm
    --diff-algorithm <algorithm>
                          choose a diff algorithm
    --anchored <text>     generate diff using the "anchored diff" algorithm
    --word-diff[=<mode>]  show word diff, using <mode> to delimit changed words
    --word-diff-regex <regex>
                          use <regex> to decide what a word is
    --color-words[=<regex>]
                          equivalent to --word-diff=color --word-diff-regex=<regex>
    --[no-]color-moved[=<mode>]
                          moved lines of code are colored differently
    --[no-]color-moved-ws <mode>
                          how white spaces are ignored in --color-moved

Other diff options
    --[no-]relative[=<prefix>]
                          when run from subdir, exclude changes outside and show relative paths
    -a, --[no-]text       treat all files as text
    -R                    swap two inputs, reverse the diff
    --[no-]exit-code      exit with 1 if there were differences, 0 otherwise
    --[no-]quiet          disable all output of the program
    --[no-]ext-diff       allow an external diff helper to be executed
    --[no-]textconv       run external text conversion filters when comparing binary files
    --ignore-submodules[=<when>]
                          ignore changes to submodules in the diff generation
    --submodule[=<format>]
                          specify how differences in submodules are shown
    --ita-invisible-in-index
                          hide 'git add -N' entries from the index
    --ita-visible-in-index
                          treat 'git add -N' entries as real in the index
    -S <string>           look for differences that change the number of occurrences of the specified string
    -G <regex>            look for differences that change the number of occurrences of the specified regex
    --pickaxe-all         show all changes in the changeset with -S or -G
    --pickaxe-regex       treat <string> in -S as extended POSIX regular expression
    -O <file>             control the order in which files appear in the output
    --rotate-to <path>    show the change in the specified path first
    --skip-to <path>      skip the output to the specified path
    --find-object <object-id>
                          look for differences that change the number of occurrences of the specified object
    --diff-filter [(A|C|D|M|R|T|U|X|B)...[*]]
                          select files by diff type
    --output <file>       output to a specific file
PS C:\dev> cd diamond_jack
PS C:\dev\diamond_jack> git push origin main
Enumerating objects: 18, done.
Counting objects: 100% (18/18), done.
Delta compression using up to 8 threads
Compressing objects: 100% (16/16), done.
Writing objects: 100% (16/16), 3.43 KiB | 702.00 KiB/s, done.
Total 16 (delta 11), reused 0 (delta 0), pack-reused 0 (from 0)
remote: Resolving deltas: 100% (11/11), completed with 2 local objects.
remote:
remote: GitHub found 4 vulnerabilities on thelogos11/diamond_jack's default branch (3 high, 1 moderate). To find out mor
e, visit:
remote:      https://github.com/thelogos11/diamond_jack/security/dependabot
remote:
To https://github.com/thelogos11/diamond_jack.git
   57327551..2ed2deff  main -> main
PS C:\dev\diamond_jack> git add .

PS C:\dev\diamond_jack> git commit -m "Testing shell log commits"
[main adc441a3] Testing shell log commits
 18 files changed, 2 insertions(+), 840 deletions(-)
 delete mode 100644 logs/full_shell_logs.txt
 delete mode 100644 logs/shell_logs_20240611_191448.txt
 delete mode 100644 logs/shell_logs_20240611_191610.txt
 delete mode 100644 logs/shell_logs_20240611_191614.txt
 delete mode 100644 logs/shell_logs_20240611_191617.txt
 delete mode 100644 logs/shell_logs_20240611_191930.txt
 delete mode 100644 logs/shell_logs_20240611_191943.txt
 delete mode 100644 logs/shell_logs_20240611_191955.txt
 delete mode 100644 logs/shell_logs_20240611_192037.txt
 rename logs/{shell_logs_b7a42d7f-d2fd-4b3e-b23d-df8291b28ff2.txt => shell_logs_20240611_192104.txt} (100%)
 delete mode 100644 logs/shell_logs_50bcd813-9581-4140-98e6-466161ad3165.txt
 delete mode 100644 logs/shell_logs_6f40f648-bbd5-4817-9f4a-33357a2ca68b.txt
 delete mode 100644 logs/shell_logs_7bef6573-564e-42e6-8dd1-fbc50e61f753.txt
 delete mode 100644 logs/shell_logs_9de6ff66-041f-453e-a4b4-2e8eb02d1b1a.txt
 delete mode 100644 logs/system_logs.txt
 delete mode 100644 stop_and_restart_transcripts.ps1
 create mode 100644 test_env/Scripts/langsmith.exe
PS C:\dev\diamond_jack> git push origin main
Enumerating objects: 12, done.
Counting objects: 100% (12/12), done.
Delta compression using up to 8 threads
Compressing objects: 100% (7/7), done.
Writing objects: 100% (7/7), 52.08 KiB | 5.79 MiB/s, done.
Total 7 (delta 2), reused 0 (delta 0), pack-reused 0 (from 0)
remote: Resolving deltas: 100% (2/2), completed with 2 local objects.
remote:
remote: GitHub found 4 vulnerabilities on thelogos11/diamond_jack's default branch (3 high, 1 moderate). To find out mor
e, visit:
remote:      https://github.com/thelogos11/diamond_jack/security/dependabot
remote:
To https://github.com/thelogos11/diamond_jack.git
   2ed2deff..adc441a3  main -> main
PS C:\dev\diamond_jack> exit
**********************
Windows PowerShell transcript end
End time: 20240611192335
**********************
